[1;35m╔════════════════════════════════════╗
║ 223CRASH - PROVABLY FAIR ENGINE  ║
╚════════════════════════════════════╝[0m
[1;33m[ROUND 1] Crash target: 4.14x[0m
[ROUND 1] 1.00x FLYING
[ROUND 1] 1.03x FLYING
[ROUND 1] 1.06x FLYING
[ROUND 1] 1.09x FLYING
[ROUND 1] 1.12x FLYING
[ROUND 1] 1.15x FLYING
[ROUND 1] 1.18x FLYING
[ROUND 1] 1.22x FLYING
[ROUND 1] 1.25x FLYING
[ROUND 1] 1.28x FLYING
[ROUND 1] 1.31x FLYING
[ROUND 1] 1.35x FLYING
[ROUND 1] 1.38x FLYING
[ROUND 1] 1.41x FLYING
[ROUND 1] 1.45x FLYING
[ROUND 1] 1.48x FLYING
[ROUND 1] 1.52x FLYING
[ROUND 1] 1.55x FLYING
[ROUND 1] 1.59x FLYING
[ROUND 1] 1.62x FLYING
[ROUND 1] 1.66x FLYING
[ROUND 1] 1.70x FLYING
[ROUND 1] 1.73x FLYING
[ROUND 1] 1.77x FLYING
[ROUND 1] 1.81x FLYING
[ROUND 1] 1.85x FLYING
[ROUND 1] 1.89x FLYING
[ROUND 1] 1.92x FLYING
[ROUND 1] 1.96x FLYING
[ROUND 1] 2.00x FLYING
[ROUND 1] 2.04x FLYING
[ROUND 1] 2.08x FLYING
[ROUND 1] 2.12x FLYING
[ROUND 1] 2.17x FLYING
[ROUND 1] 2.21x FLYING
[ROUND 1] 2.25x FLYING
[ROUND 1] 2.29x FLYING
[ROUND 1] 2.34x FLYING
[ROUND 1] 2.38x FLYING
[ROUND 1] 2.42x FLYING
[ROUND 1] 2.47x FLYING
[ROUND 1] 2.51x FLYING
[ROUND 1] 2.56x FLYING
[ROUND 1] 2.60x FLYING
[ROUND 1] 2.65x FLYING
[ROUND 1] 2.69x FLYING
[ROUND 1] 2.74x FLYING
[ROUND 1] 2.79x FLYING
[ROUND 1] 2.84x FLYING
[ROUND 1] 2.89x FLYING
[ROUND 1] 2.93x FLYING
[ROUND 1] 2.98x FLYING
[ROUND 1] 3.03x FLYING
[ROUND 1] 3.08x FLYING
[ROUND 1] 3.13x FLYING
[ROUND 1] 3.19x FLYING
[ROUND 1] 3.24x FLYING
[ROUND 1] 3.29x FLYING
[ROUND 1] 3.34x FLYING
[ROUND 1] 3.40x FLYING
[ROUND 1] 3.45x FLYING
[ROUND 1] 3.50x FLYING
[ROUND 1] 3.56x FLYING
[ROUND 1] 3.62x FLYING
[ROUND 1] 3.67x FLYING
[ROUND 1] 3.73x FLYING
[ROUND 1] 3.79x FLYING
[ROUND 1] 3.84x FLYING
[ROUND 1] 3.90x FLYING
[ROUND 1] 3.96x FLYING
[ROUND 1] 4.02x FLYING
[ROUND 1] 4.08x FLYING
[1;31m[ROUND 1] 4.14x 💥 CRASHED @ 4.14x[0m

[1;33m[ROUND 2] Crash target: 1.33x[0m
[ROUND 2] 1.00x FLYING
[ROUND 2] 1.03x FLYING
[ROUND 2] 1.06x FLYING
[ROUND 2] 1.09x FLYING
[ROUND 2] 1.12x FLYING
[ROUND 2] 1.15x FLYING
[ROUND 2] 1.18x FLYING
[ROUND 2] 1.22x FLYING
[ROUND 2] 1.25x FLYING
[ROUND 2] 1.28x FLYING
[ROUND 2] 1.31x FLYING
[1;31m[ROUND 2] 1.33x 💥 CRASHED @ 1.33x[0m

[1;33m[ROUND 3] Crash target: 1.08x[0m
[ROUND 3] 1.00x FLYING
[ROUND 3] 1.03x FLYING
[ROUND 3] 1.06x FLYING
[1;31m[ROUND 3] 1.08x 💥 CRASHED @ 1.08x[0m

[1;33m[ROUND 4] Crash target: 6.23x[0m
[ROUND 4] 1.00x FLYING
[ROUND 4] 1.03x FLYING
[ROUND 4] 1.06x FLYING
[ROUND 4] 1.09x FLYING
[ROUND 4] 1.12x FLYING
[ROUND 4] 1.15x FLYING
[ROUND 4] 1.18x FLYING
[ROUND 4] 1.22x FLYING
[ROUND 4] 1.25x FLYING
[ROUND 4] 1.28x FLYING
[ROUND 4] 1.31x FLYING
[ROUND 4] 1.35x FLYING
[ROUND 4] 1.38x FLYING
[ROUND 4] 1.41x FLYING
[ROUND 4] 1.45x FLYING
[ROUND 4] 1.48x FLYING
[ROUND 4] 1.52x FLYING
[ROUND 4] 1.55x FLYING
[ROUND 4] 1.59x FLYING
[ROUND 4] 1.62x FLYING
[ROUND 4] 1.66x FLYING
[ROUND 4] 1.70x FLYING
[ROUND 4] 1.73x FLYING
[ROUND 4] 1.77x FLYING
[ROUND 4] 1.81x FLYING
[ROUND 4] 1.85x FLYING
[ROUND 4] 1.89x FLYING
[ROUND 4] 1.92x FLYING
[ROUND 4] 1.96x FLYING
[ROUND 4] 2.00x FLYING
[ROUND 4] 2.04x FLYING
[ROUND 4] 2.08x FLYING
[ROUND 4] 2.12x FLYING
[ROUND 4] 2.17x FLYING
[ROUND 4] 2.21x FLYING
[ROUND 4] 2.25x FLYING
[ROUND 4] 2.29x FLYING
[ROUND 4] 2.34x FLYING
[ROUND 4] 2.38x FLYING
[ROUND 4] 2.42x FLYING
[ROUND 4] 2.47x FLYING
[ROUND 4] 2.51x FLYING
[ROUND 4] 2.56x FLYING
[ROUND 4] 2.60x FLYING
[ROUND 4] 2.65x FLYING
[ROUND 4] 2.69x FLYING
[ROUND 4] 2.74x FLYING
[ROUND 4] 2.79x FLYING
[ROUND 4] 2.84x FLYING
[ROUND 4] 2.89x FLYING
[ROUND 4] 2.93x FLYING
[ROUND 4] 2.98x FLYING
[ROUND 4] 3.03x FLYING
[ROUND 4] 3.08x FLYING
[ROUND 4] 3.13x FLYING
[ROUND 4] 3.19x FLYING
[ROUND 4] 3.24x FLYING
[ROUND 4] 3.29x FLYING
[ROUND 4] 3.34x FLYING
[ROUND 4] 3.40x FLYING
[ROUND 4] 3.45x FLYING
[ROUND 4] 3.50x FLYING
[ROUND 4] 3.56x FLYING
[ROUND 4] 3.62x FLYING
[ROUND 4] 3.67x FLYING
[ROUND 4] 3.73x FLYING
[ROUND 4] 3.79x FLYING
[ROUND 4] 3.84x FLYING
[ROUND 4] 3.90x FLYING
[ROUND 4] 3.96x FLYING
[ROUND 4] 4.02x FLYING
[ROUND 4] 4.08x FLYING
[ROUND 4] 4.14x FLYING
[ROUND 4] 4.20x FLYING
[ROUND 4] 4.26x FLYING
[ROUND 4] 4.33x FLYING
[ROUND 4] 4.39x FLYING
[ROUND 4] 4.45x FLYING
[ROUND 4] 4.52x FLYING
[ROUND 4] 4.58x FLYING
[ROUND 4] 4.65x FLYING
[ROUND 4] 4.72x FLYING
[ROUND 4] 4.78x FLYING
[ROUND 4] 4.85x FLYING
[ROUND 4] 4.92x FLYING
[ROUND 4] 4.99x FLYING
[ROUND 4] 5.06x FLYING
[ROUND 4] 5.13x FLYING
[ROUND 4] 5.20x FLYING
[ROUND 4] 5.27x FLYING
[ROUND 4] 5.35x FLYING
[ROUND 4] 5.42x FLYING
[ROUND 4] 5.49x FLYING
[ROUND 4] 5.57x FLYING
[ROUND 4] 5.64x FLYING
[ROUND 4] 5.72x FLYING
[ROUND 4] 5.80x FLYING
[ROUND 4] 5.88x FLYING
[ROUND 4] 5.95x FLYING
[ROUND 4] 6.03x FLYING
[ROUND 4] 6.11x FLYING
[ROUND 4] 6.20x FLYING
[1;31m[ROUND 4] 6.23x 💥 CRASHED @ 6.23x[0m

[1;33m[ROUND 5] Crash target: 1.10x[0m
[ROUND 5] 1.00x FLYING
[ROUND 5] 1.03x FLYING
[ROUND 5] 1.06x FLYING
[ROUND 5] 1.09x FLYING
[1;31m[ROUND 5] 1.10x 💥 CRASHED @ 1.10x[0m

[1;33m[ROUND 6] Crash target: 13.15x[0m
[ROUND 6] 1.00x FLYING
[ROUND 6] 1.03x FLYING
[ROUND 6] 1.06x FLYING
[ROUND 6] 1.09x FLYING
[ROUND 6] 1.12x FLYING
[ROUND 6] 1.15x FLYING
[ROUND 6] 1.18x FLYING
[ROUND 6] 1.22x FLYING
[ROUND 6] 1.25x FLYING
[ROUND 6] 1.28x FLYING
[ROUND 6] 1.31x FLYING
[ROUND 6] 1.35x FLYING
[ROUND 6] 1.38x FLYING
[ROUND 6] 1.41x FLYING
[ROUND 6] 1.45x FLYING
[ROUND 6] 1.48x FLYING
[ROUND 6] 1.52x FLYING
[ROUND 6] 1.55x FLYING
[ROUND 6] 1.59x FLYING
[ROUND 6] 1.62x FLYING
[ROUND 6] 1.66x FLYING
[ROUND 6] 1.70x FLYING
[ROUND 6] 1.73x FLYING
[ROUND 6] 1.77x FLYING
[ROUND 6] 1.81x FLYING
[ROUND 6] 1.85x FLYING
[ROUND 6] 1.89x FLYING
[ROUND 6] 1.92x FLYING
[ROUND 6] 1.96x FLYING
[ROUND 6] 2.00x FLYING
[ROUND 6] 2.04x FLYING
[ROUND 6] 2.08x FLYING
[ROUND 6] 2.12x FLYING
[ROUND 6] 2.17x FLYING
[ROUND 6] 2.21x FLYING
[ROUND 6] 2.25x FLYING
[ROUND 6] 2.29x FLYING
[ROUND 6] 2.34x FLYING
[ROUND 6] 2.38x FLYING
[ROUND 6] 2.42x FLYING
[ROUND 6] 2.47x FLYING
[ROUND 6] 2.51x FLYING
[ROUND 6] 2.56x FLYING
[ROUND 6] 2.60x FLYING
[ROUND 6] 2.65x FLYING
[ROUND 6] 2.69x FLYING
[ROUND 6] 2.74x FLYING
[ROUND 6] 2.79x FLYING
[ROUND 6] 2.84x FLYING
[ROUND 6] 2.89x FLYING
[ROUND 6] 2.93x FLYING
[ROUND 6] 2.98x FLYING
[ROUND 6] 3.03x FLYING
[ROUND 6] 3.08x FLYING
[ROUND 6] 3.13x FLYING
[ROUND 6] 3.19x FLYING
[ROUND 6] 3.24x FLYING
[ROUND 6] 3.29x FLYING
[ROUND 6] 3.34x FLYING
[ROUND 6] 3.40x FLYING
[ROUND 6] 3.45x FLYING
[ROUND 6] 3.50x FLYING
[ROUND 6] 3.56x FLYING
[ROUND 6] 3.62x FLYING
[ROUND 6] 3.67x FLYING
[ROUND 6] 3.73x FLYING
[ROUND 6] 3.79x FLYING
[ROUND 6] 3.84x FLYING
[ROUND 6] 3.90x FLYING
[ROUND 6] 3.96x FLYING
[ROUND 6] 4.02x FLYING
[ROUND 6] 4.08x FLYING
[ROUND 6] 4.14x FLYING
[ROUND 6] 4.20x FLYING
[ROUND 6] 4.26x FLYING
[ROUND 6] 4.33x FLYING
[ROUND 6] 4.39x FLYING
[ROUND 6] 4.45x FLYING
[ROUND 6] 4.52x FLYING
[ROUND 6] 4.58x FLYING
[ROUND 6] 4.65x FLYING
[ROUND 6] 4.72x FLYING
[ROUND 6] 4.78x FLYING
[ROUND 6] 4.85x FLYING
[ROUND 6] 4.92x FLYING
[ROUND 6] 4.99x FLYING
[ROUND 6] 5.06x FLYING
[ROUND 6] 5.13x FLYING
[ROUND 6] 5.20x FLYING
[ROUND 6] 5.27x FLYING
[ROUND 6] 5.35x FLYING
[ROUND 6] 5.42x FLYING
[ROUND 6] 5.49x FLYING
[ROUND 6] 5.57x FLYING
[ROUND 6] 5.64x FLYING
[ROUND 6] 5.72x FLYING
[ROUND 6] 5.80x FLYING
[ROUND 6] 5.88x FLYING
[ROUND 6] 5.95x FLYING
[ROUND 6] 6.03x FLYING
[ROUND 6] 6.11x FLYING
[ROUND 6] 6.20x FLYING
[ROUND 6] 6.28x FLYING
[ROUND 6] 6.36x FLYING
[ROUND 6] 6.44x FLYING
[ROUND 6] 6.53x FLYING
[ROUND 6] 6.61x FLYING
[ROUND 6] 6.70x FLYING
[ROUND 6] 6.79x FLYING
[ROUND 6] 6.87x FLYING
[ROUND 6] 6.96x FLYING
[ROUND 6] 7.05x FLYING
[ROUND 6] 7.14x FLYING
[ROUND 6] 7.23x FLYING
[ROUND 6] 7.33x FLYING
[ROUND 6] 7.42x FLYING
[ROUND 6] 7.51x FLYING
[ROUND 6] 7.61x FLYING
[ROUND 6] 7.71x FLYING
[ROUND 6] 7.80x FLYING
[ROUND 6] 7.90x FLYING
[ROUND 6] 8.00x FLYING
[ROUND 6] 8.10x FLYING
[ROUND 6] 8.20x FLYING
[ROUND 6] 8.30x FLYING
[ROUND 6] 8.41x FLYING
[ROUND 6] 8.51x FLYING
[ROUND 6] 8.62x FLYING
[ROUND 6] 8.72x FLYING
[ROUND 6] 8.83x FLYING
[ROUND 6] 8.94x FLYING
[ROUND 6] 9.05x FLYING
[ROUND 6] 9.16x FLYING
[ROUND 6] 9.27x FLYING
[ROUND 6] 9.38x FLYING
[ROUND 6] 9.49x FLYING
[ROUND 6] 9.61x FLYING
[ROUND 6] 9.73x FLYING
[ROUND 6] 9.84x FLYING
[ROUND 6] 9.96x FLYING
[ROUND 6] 10.08x FLYING
[ROUND 6] 10.20x FLYING
[ROUND 6] 10.32x FLYING
[ROUND 6] 10.45x FLYING
[ROUND 6] 10.57x FLYING
[ROUND 6] 10.70x FLYING
[ROUND 6] 10.82x FLYING
[ROUND 6] 10.95x FLYING
[ROUND 6] 11.08x FLYING
[ROUND 6] 11.21x FLYING
[ROUND 6] 11.35x FLYING
[ROUND 6] 11.48x FLYING
[ROUND 6] 11.61x FLYING
[ROUND 6] 11.75x FLYING
[ROUND 6] 11.89x FLYING
[ROUND 6] 12.03x FLYING
[ROUND 6] 12.17x FLYING
[ROUND 6] 12.31x FLYING
[ROUND 6] 12.45x FLYING
[ROUND 6] 12.60x FLYING
[ROUND 6] 12.74x FLYING
[ROUND 6] 12.89x FLYING
[ROUND 6] 13.04x FLYING
[1;31m[ROUND 6] 13.15x 💥 CRASHED @ 13.15x[0m

[1;33m[ROUND 7] Crash target: 1.40x[0m
[ROUND 7] 1.00x FLYING
[ROUND 7] 1.03x FLYING
[ROUND 7] 1.06x FLYING
[ROUND 7] 1.09x FLYING
[ROUND 7] 1.12x FLYING
[ROUND 7] 1.15x FLYING
[ROUND 7] 1.18x FLYING
[ROUND 7] 1.22x FLYING
[ROUND 7] 1.25x FLYING
[ROUND 7] 1.28x FLYING
[ROUND 7] 1.31x FLYING
[ROUND 7] 1.35x FLYING
[ROUND 7] 1.38x FLYING
[1;31m[ROUND 7] 1.40x 💥 CRASHED @ 1.40x[0m

[1;33m[ROUND 8] Crash target: 1.47x[0m
[ROUND 8] 1.00x FLYING
[ROUND 8] 1.03x FLYING
[ROUND 8] 1.06x FLYING
[ROUND 8] 1.09x FLYING
[ROUND 8] 1.12x FLYING
[ROUND 8] 1.15x FLYING
[ROUND 8] 1.18x FLYING
[ROUND 8] 1.22x FLYING
[ROUND 8] 1.25x FLYING
[ROUND 8] 1.28x FLYING
[ROUND 8] 1.31x FLYING
[ROUND 8] 1.35x FLYING
[ROUND 8] 1.38x FLYING
[ROUND 8] 1.41x FLYING
[ROUND 8] 1.45x FLYING
[1;31m[ROUND 8] 1.47x 💥 CRASHED @ 1.47x[0m

[1;33m[ROUND 9] Crash target: 1.06x[0m
[ROUND 9] 1.00x FLYING
[ROUND 9] 1.03x FLYING
[1;31m[ROUND 9] 1.06x 💥 CRASHED @ 1.06x[0m

[1;33m[ROUND 10] Crash target: 1.35x[0m
[ROUND 10] 1.00x FLYING
[ROUND 10] 1.03x FLYING
[ROUND 10] 1.06x FLYING
[ROUND 10] 1.09x FLYING
[ROUND 10] 1.12x FLYING
[ROUND 10] 1.15x FLYING
[ROUND 10] 1.18x FLYING
[ROUND 10] 1.22x FLYING
[ROUND 10] 1.25x FLYING
[ROUND 10] 1.28x FLYING
[ROUND 10] 1.31x FLYING
[ROUND 10] 1.35x FLYING
[1;31m[ROUND 10] 1.35x 💥 CRASHED @ 1.35x[0m

[1;33m[ROUND 11] Crash target: 1.22x[0m
[ROUND 11] 1.00x FLYING
[ROUND 11] 1.03x FLYING
[ROUND 11] 1.06x FLYING
[ROUND 11] 1.09x FLYING
[ROUND 11] 1.12x FLYING
[ROUND 11] 1.15x FLYING
[ROUND 11] 1.18x FLYING
[ROUND 11] 1.22x FLYING
[1;31m[ROUND 11] 1.22x 💥 CRASHED @ 1.22x[0m

[1;33m[ROUND 12] Crash target: 1.85x[0m
[ROUND 12] 1.00x FLYING
[ROUND 12] 1.03x FLYING
[ROUND 12] 1.06x FLYING
[ROUND 12] 1.09x FLYING
[ROUND 12] 1.12x FLYING
[ROUND 12] 1.15x FLYING
[ROUND 12] 1.18x FLYING
[ROUND 12] 1.22x FLYING
[ROUND 12] 1.25x FLYING
[ROUND 12] 1.28x FLYING
[ROUND 12] 1.31x FLYING
[ROUND 12] 1.35x FLYING
[ROUND 12] 1.38x FLYING
[ROUND 12] 1.41x FLYING
[ROUND 12] 1.45x FLYING
[ROUND 12] 1.48x FLYING
[ROUND 12] 1.52x FLYING
[ROUND 12] 1.55x FLYING
[ROUND 12] 1.59x FLYING
[ROUND 12] 1.62x FLYING
[ROUND 12] 1.66x FLYING
[ROUND 12] 1.70x FLYING
[ROUND 12] 1.73x FLYING
[ROUND 12] 1.77x FLYING
[ROUND 12] 1.81x FLYING
[ROUND 12] 1.85x FLYING
[1;31m[ROUND 12] 1.85x 💥 CRASHED @ 1.85x[0m

[1;33m[ROUND 13] Crash target: 2.49x[0m
[ROUND 13] 1.00x FLYING
[ROUND 13] 1.03x FLYING
[ROUND 13] 1.06x FLYING
[ROUND 13] 1.09x FLYING
[ROUND 13] 1.12x FLYING
[ROUND 13] 1.15x FLYING
[ROUND 13] 1.18x FLYING
[ROUND 13] 1.22x FLYING
[ROUND 13] 1.25x FLYING
[ROUND 13] 1.28x FLYING
[ROUND 13] 1.31x FLYING
[ROUND 13] 1.35x FLYING
[ROUND 13] 1.38x FLYING
[ROUND 13] 1.41x FLYING
[ROUND 13] 1.45x FLYING
[ROUND 13] 1.48x FLYING
[ROUND 13] 1.52x FLYING
[ROUND 13] 1.55x FLYING
[ROUND 13] 1.59x FLYING
[ROUND 13] 1.62x FLYING
[ROUND 13] 1.66x FLYING
[ROUND 13] 1.70x FLYING
[ROUND 13] 1.73x FLYING
[ROUND 13] 1.77x FLYING
[ROUND 13] 1.81x FLYING
[ROUND 13] 1.85x FLYING
[ROUND 13] 1.89x FLYING
[ROUND 13] 1.92x FLYING
[ROUND 13] 1.96x FLYING
[ROUND 13] 2.00x FLYING
[ROUND 13] 2.04x FLYING
[ROUND 13] 2.08x FLYING
[ROUND 13] 2.12x FLYING
[ROUND 13] 2.17x FLYING
[ROUND 13] 2.21x FLYING
[ROUND 13] 2.25x FLYING
[ROUND 13] 2.29x FLYING
[ROUND 13] 2.34x FLYING
[ROUND 13] 2.38x FLYING
[ROUND 13] 2.42x FLYING
[ROUND 13] 2.47x FLYING
[1;31m[ROUND 13] 2.49x 💥 CRASHED @ 2.49x[0m

[1;33m[ROUND 14] Crash target: 1.31x[0m
[ROUND 14] 1.00x FLYING
[ROUND 14] 1.03x FLYING
[ROUND 14] 1.06x FLYING
[ROUND 14] 1.09x FLYING
[ROUND 14] 1.12x FLYING
[ROUND 14] 1.15x FLYING
[ROUND 14] 1.18x FLYING
[ROUND 14] 1.22x FLYING
[ROUND 14] 1.25x FLYING
[ROUND 14] 1.28x FLYING
[1;31m[ROUND 14] 1.31x 💥 CRASHED @ 1.31x[0m

[1;33m[ROUND 15] Crash target: 5.22x[0m
[ROUND 15] 1.00x FLYING
[ROUND 15] 1.03x FLYING
[ROUND 15] 1.06x FLYING
[ROUND 15] 1.09x FLYING
[ROUND 15] 1.12x FLYING
[ROUND 15] 1.15x FLYING
[ROUND 15] 1.18x FLYING
[ROUND 15] 1.22x FLYING
[ROUND 15] 1.25x FLYING
[ROUND 15] 1.28x FLYING
[ROUND 15] 1.31x FLYING
[ROUND 15] 1.35x FLYING
[ROUND 15] 1.38x FLYING
[ROUND 15] 1.41x FLYING
[ROUND 15] 1.45x FLYING
[ROUND 15] 1.48x FLYING
[ROUND 15] 1.52x FLYING
[ROUND 15] 1.55x FLYING
[ROUND 15] 1.59x FLYING
[ROUND 15] 1.62x FLYING
[ROUND 15] 1.66x FLYING
[ROUND 15] 1.70x FLYING
[ROUND 15] 1.73x FLYING
[ROUND 15] 1.77x FLYING
[ROUND 15] 1.81x FLYING
[ROUND 15] 1.85x FLYING
[ROUND 15] 1.89x FLYING
[ROUND 15] 1.92x FLYING
[ROUND 15] 1.96x FLYING
[ROUND 15] 2.00x FLYING
[ROUND 15] 2.04x FLYING
[ROUND 15] 2.08x FLYING
[ROUND 15] 2.12x FLYING
[ROUND 15] 2.17x FLYING
[ROUND 15] 2.21x FLYING
[ROUND 15] 2.25x FLYING
[ROUND 15] 2.29x FLYING
[ROUND 15] 2.34x FLYING
[ROUND 15] 2.38x FLYING
[ROUND 15] 2.42x FLYING
[ROUND 15] 2.47x FLYING
[ROUND 15] 2.51x FLYING
[ROUND 15] 2.56x FLYING
[ROUND 15] 2.60x FLYING
[ROUND 15] 2.65x FLYING
[ROUND 15] 2.69x FLYING
[ROUND 15] 2.74x FLYING
[ROUND 15] 2.79x FLYING
[ROUND 15] 2.84x FLYING
[ROUND 15] 2.89x FLYING
[ROUND 15] 2.93x FLYING
[ROUND 15] 2.98x FLYING
[ROUND 15] 3.03x FLYING
[ROUND 15] 3.08x FLYING
[ROUND 15] 3.13x FLYING
[ROUND 15] 3.19x FLYING
[ROUND 15] 3.24x FLYING
[ROUND 15] 3.29x FLYING
[ROUND 15] 3.34x FLYING
[ROUND 15] 3.40x FLYING
[ROUND 15] 3.45x FLYING
[ROUND 15] 3.50x FLYING
[ROUND 15] 3.56x FLYING
[ROUND 15] 3.62x FLYING
[ROUND 15] 3.67x FLYING
[ROUND 15] 3.73x FLYING
[ROUND 15] 3.79x FLYING
[ROUND 15] 3.84x FLYING
[ROUND 15] 3.90x FLYING
[ROUND 15] 3.96x FLYING
[ROUND 15] 4.02x FLYING
[ROUND 15] 4.08x FLYING
[ROUND 15] 4.14x FLYING
[ROUND 15] 4.20x FLYING
[ROUND 15] 4.26x FLYING
[ROUND 15] 4.33x FLYING
[ROUND 15] 4.39x FLYING
[ROUND 15] 4.45x FLYING
[ROUND 15] 4.52x FLYING
[ROUND 15] 4.58x FLYING
[ROUND 15] 4.65x FLYING
[ROUND 15] 4.72x FLYING
[ROUND 15] 4.78x FLYING
[ROUND 15] 4.85x FLYING
[ROUND 15] 4.92x FLYING
[ROUND 15] 4.99x FLYING
[ROUND 15] 5.06x FLYING
[ROUND 15] 5.13x FLYING
[ROUND 15] 5.20x FLYING
[1;31m[ROUND 15] 5.22x 💥 CRASHED @ 5.22x[0m

[1;33m[ROUND 16] Crash target: 1.08x[0m
[ROUND 16] 1.00x FLYING
[ROUND 16] 1.03x FLYING
[ROUND 16] 1.06x FLYING
[1;31m[ROUND 16] 1.08x 💥 CRASHED @ 1.08x[0m

[1;33m[ROUND 17] Crash target: 1.75x[0m
[ROUND 17] 1.00x FLYING
[ROUND 17] 1.03x FLYING
[ROUND 17] 1.06x FLYING
[ROUND 17] 1.09x FLYING
[ROUND 17] 1.12x FLYING
[ROUND 17] 1.15x FLYING
[ROUND 17] 1.18x FLYING
[ROUND 17] 1.22x FLYING
[ROUND 17] 1.25x FLYING
[ROUND 17] 1.28x FLYING
[ROUND 17] 1.31x FLYING
[ROUND 17] 1.35x FLYING
[ROUND 17] 1.38x FLYING
[ROUND 17] 1.41x FLYING
[ROUND 17] 1.45x FLYING
[ROUND 17] 1.48x FLYING
[ROUND 17] 1.52x FLYING
[ROUND 17] 1.55x FLYING
[ROUND 17] 1.59x FLYING
[ROUND 17] 1.62x FLYING
[ROUND 17] 1.66x FLYING
[ROUND 17] 1.70x FLYING
[ROUND 17] 1.73x FLYING
[1;31m[ROUND 17] 1.75x 💥 CRASHED @ 1.75x[0m

[1;33m[ROUND 18] Crash target: 2.14x[0m
[ROUND 18] 1.00x FLYING
[ROUND 18] 1.03x FLYING
[ROUND 18] 1.06x FLYING
[ROUND 18] 1.09x FLYING
[ROUND 18] 1.12x FLYING
[ROUND 18] 1.15x FLYING
[ROUND 18] 1.18x FLYING
[ROUND 18] 1.22x FLYING
[ROUND 18] 1.25x FLYING
[ROUND 18] 1.28x FLYING
[ROUND 18] 1.31x FLYING
[ROUND 18] 1.35x FLYING
[ROUND 18] 1.38x FLYING
[ROUND 18] 1.41x FLYING
[ROUND 18] 1.45x FLYING
[ROUND 18] 1.48x FLYING
[ROUND 18] 1.52x FLYING
[ROUND 18] 1.55x FLYING
[ROUND 18] 1.59x FLYING
[ROUND 18] 1.62x FLYING
[ROUND 18] 1.66x FLYING
[ROUND 18] 1.70x FLYING
[ROUND 18] 1.73x FLYING
[ROUND 18] 1.77x FLYING
[ROUND 18] 1.81x FLYING
[ROUND 18] 1.85x FLYING
[ROUND 18] 1.89x FLYING
[ROUND 18] 1.92x FLYING
[ROUND 18] 1.96x FLYING
[ROUND 18] 2.00x FLYING
[ROUND 18] 2.04x FLYING
[ROUND 18] 2.08x FLYING
[ROUND 18] 2.12x FLYING
[1;31m[ROUND 18] 2.14x 💥 CRASHED @ 2.14x[0m

[1;33m[ROUND 19] Crash target: 1.16x[0m
[ROUND 19] 1.00x FLYING
[ROUND 19] 1.03x FLYING
[ROUND 19] 1.06x FLYING
[ROUND 19] 1.09x FLYING
[ROUND 19] 1.12x FLYING
[ROUND 19] 1.15x FLYING
[1;31m[ROUND 19] 1.16x 💥 CRASHED @ 1.16x[0m

[1;33m[ROUND 20] Crash target: 6.14x[0m
[ROUND 20] 1.00x FLYING
[ROUND 20] 1.03x FLYING
[ROUND 20] 1.06x FLYING
[ROUND 20] 1.09x FLYING
[ROUND 20] 1.12x FLYING
[ROUND 20] 1.15x FLYING
[ROUND 20] 1.18x FLYING
[ROUND 20] 1.22x FLYING
[ROUND 20] 1.25x FLYING
[ROUND 20] 1.28x FLYING
[ROUND 20] 1.31x FLYING
[ROUND 20] 1.35x FLYING
[ROUND 20] 1.38x FLYING
[ROUND 20] 1.41x FLYING
[ROUND 20] 1.45x FLYING
[ROUND 20] 1.48x FLYING
[ROUND 20] 1.52x FLYING
[ROUND 20] 1.55x FLYING
[ROUND 20] 1.59x FLYING
[ROUND 20] 1.62x FLYING
[ROUND 20] 1.66x FLYING
[ROUND 20] 1.70x FLYING
[ROUND 20] 1.73x FLYING
[ROUND 20] 1.77x FLYING
[ROUND 20] 1.81x FLYING
[ROUND 20] 1.85x FLYING
[ROUND 20] 1.89x FLYING
[ROUND 20] 1.92x FLYING
[ROUND 20] 1.96x FLYING
[ROUND 20] 2.00x FLYING
[ROUND 20] 2.04x FLYING
[ROUND 20] 2.08x FLYING
[ROUND 20] 2.12x FLYING
[ROUND 20] 2.17x FLYING
[ROUND 20] 2.21x FLYING
[ROUND 20] 2.25x FLYING
[ROUND 20] 2.29x FLYING
[ROUND 20] 2.34x FLYING
[ROUND 20] 2.38x FLYING
[ROUND 20] 2.42x FLYING
[ROUND 20] 2.47x FLYING
[ROUND 20] 2.51x FLYING
[ROUND 20] 2.56x FLYING
[ROUND 20] 2.60x FLYING
[ROUND 20] 2.65x FLYING
[ROUND 20] 2.69x FLYING
[ROUND 20] 2.74x FLYING
[ROUND 20] 2.79x FLYING
[ROUND 20] 2.84x FLYING
[ROUND 20] 2.89x FLYING
[ROUND 20] 2.93x FLYING
[ROUND 20] 2.98x FLYING
[ROUND 20] 3.03x FLYING
[ROUND 20] 3.08x FLYING
[ROUND 20] 3.13x FLYING
[ROUND 20] 3.19x FLYING
[ROUND 20] 3.24x FLYING
[ROUND 20] 3.29x FLYING
[ROUND 20] 3.34x FLYING
[ROUND 20] 3.40x FLYING
[ROUND 20] 3.45x FLYING
[ROUND 20] 3.50x FLYING
[ROUND 20] 3.56x FLYING
[ROUND 20] 3.62x FLYING
[ROUND 20] 3.67x FLYING
[ROUND 20] 3.73x FLYING
[ROUND 20] 3.79x FLYING
[ROUND 20] 3.84x FLYING
[ROUND 20] 3.90x FLYING
[ROUND 20] 3.96x FLYING
[ROUND 20] 4.02x FLYING
[ROUND 20] 4.08x FLYING
[ROUND 20] 4.14x FLYING
[ROUND 20] 4.20x FLYING
[ROUND 20] 4.26x FLYING
[ROUND 20] 4.33x FLYING
[ROUND 20] 4.39x FLYING
[ROUND 20] 4.45x FLYING
[ROUND 20] 4.52x FLYING
[ROUND 20] 4.58x FLYING
[ROUND 20] 4.65x FLYING
[ROUND 20] 4.72x FLYING
[ROUND 20] 4.78x FLYING
[ROUND 20] 4.85x FLYING
[ROUND 20] 4.92x FLYING
[ROUND 20] 4.99x FLYING
[ROUND 20] 5.06x FLYING
[ROUND 20] 5.13x FLYING
[ROUND 20] 5.20x FLYING
[ROUND 20] 5.27x FLYING
[ROUND 20] 5.35x FLYING
[ROUND 20] 5.42x FLYING
[ROUND 20] 5.49x FLYING
[ROUND 20] 5.57x FLYING
[ROUND 20] 5.64x FLYING
[ROUND 20] 5.72x FLYING
[ROUND 20] 5.80x FLYING
[ROUND 20] 5.88x FLYING
[ROUND 20] 5.95x FLYING
[ROUND 20] 6.03x FLYING
[ROUND 20] 6.11x FLYING
[1;31m[ROUND 20] 6.14x 💥 CRASHED @ 6.14x[0m

[1;33m[ROUND 21] Crash target: 26.81x[0m
[ROUND 21] 1.00x FLYING
[ROUND 21] 1.03x FLYING
[ROUND 21] 1.06x FLYING
[ROUND 21] 1.09x FLYING
[ROUND 21] 1.12x FLYING
[ROUND 21] 1.15x FLYING
[ROUND 21] 1.18x FLYING
[ROUND 21] 1.22x FLYING
[ROUND 21] 1.25x FLYING
[ROUND 21] 1.28x FLYING
[ROUND 21] 1.31x FLYING
[ROUND 21] 1.35x FLYING
[ROUND 21] 1.38x FLYING
[ROUND 21] 1.41x FLYING
[ROUND 21] 1.45x FLYING
[ROUND 21] 1.48x FLYING
[ROUND 21] 1.52x FLYING
[ROUND 21] 1.55x FLYING
[ROUND 21] 1.59x FLYING
[ROUND 21] 1.62x FLYING
[ROUND 21] 1.66x FLYING
[ROUND 21] 1.70x FLYING
[ROUND 21] 1.73x FLYING
[ROUND 21] 1.77x FLYING
[ROUND 21] 1.81x FLYING
[ROUND 21] 1.85x FLYING
[ROUND 21] 1.89x FLYING
[ROUND 21] 1.92x FLYING
[ROUND 21] 1.96x FLYING
[ROUND 21] 2.00x FLYING
[ROUND 21] 2.04x FLYING
[ROUND 21] 2.08x FLYING
[ROUND 21] 2.12x FLYING
[ROUND 21] 2.17x FLYING
[ROUND 21] 2.21x FLYING
[ROUND 21] 2.25x FLYING
[ROUND 21] 2.29x FLYING
[ROUND 21] 2.34x FLYING
[ROUND 21] 2.38x FLYING
[ROUND 21] 2.42x FLYING
[ROUND 21] 2.47x FLYING
[ROUND 21] 2.51x FLYING
[ROUND 21] 2.56x FLYING
[ROUND 21] 2.60x FLYING
[ROUND 21] 2.65x FLYING
[ROUND 21] 2.69x FLYING
[ROUND 21] 2.74x FLYING
[ROUND 21] 2.79x FLYING
[ROUND 21] 2.84x FLYING
[ROUND 21] 2.89x FLYING
[ROUND 21] 2.93x FLYING
[ROUND 21] 2.98x FLYING
[ROUND 21] 3.03x FLYING
[ROUND 21] 3.08x FLYING
[ROUND 21] 3.13x FLYING
[ROUND 21] 3.19x FLYING
[ROUND 21] 3.24x FLYING
[ROUND 21] 3.29x FLYING
[ROUND 21] 3.34x FLYING
[ROUND 21] 3.40x FLYING
[ROUND 21] 3.45x FLYING
[ROUND 21] 3.50x FLYING
[ROUND 21] 3.56x FLYING
[ROUND 21] 3.62x FLYING
[ROUND 21] 3.67x FLYING
[ROUND 21] 3.73x FLYING
[ROUND 21] 3.79x FLYING
[ROUND 21] 3.84x FLYING
[ROUND 21] 3.90x FLYING
[ROUND 21] 3.96x FLYING
[ROUND 21] 4.02x FLYING
[ROUND 21] 4.08x FLYING
[ROUND 21] 4.14x FLYING
[ROUND 21] 4.20x FLYING
[ROUND 21] 4.26x FLYING
[ROUND 21] 4.33x FLYING
[ROUND 21] 4.39x FLYING
[ROUND 21] 4.45x FLYING
[ROUND 21] 4.52x FLYING
[ROUND 21] 4.58x FLYING
[ROUND 21] 4.65x FLYING
[ROUND 21] 4.72x FLYING
[ROUND 21] 4.78x FLYING
[ROUND 21] 4.85x FLYING
[ROUND 21] 4.92x FLYING
[ROUND 21] 4.99x FLYING
[ROUND 21] 5.06x FLYING
[ROUND 21] 5.13x FLYING
[ROUND 21] 5.20x FLYING
[ROUND 21] 5.27x FLYING
[ROUND 21] 5.35x FLYING
[ROUND 21] 5.42x FLYING
[ROUND 21] 5.49x FLYING
[ROUND 21] 5.57x FLYING
[ROUND 21] 5.64x FLYING
[ROUND 21] 5.72x FLYING
[ROUND 21] 5.80x FLYING
[ROUND 21] 5.88x FLYING
[ROUND 21] 5.95x FLYING
[ROUND 21] 6.03x FLYING
[ROUND 21] 6.11x FLYING
[ROUND 21] 6.20x FLYING
[ROUND 21] 6.28x FLYING
[ROUND 21] 6.36x FLYING
[ROUND 21] 6.44x FLYING
[ROUND 21] 6.53x FLYING
[ROUND 21] 6.61x FLYING
[ROUND 21] 6.70x FLYING
[ROUND 21] 6.79x FLYING
[ROUND 21] 6.87x FLYING
[ROUND 21] 6.96x FLYING
[ROUND 21] 7.05x FLYING
[ROUND 21] 7.14x FLYING
[ROUND 21] 7.23x FLYING
[ROUND 21] 7.33x FLYING
[ROUND 21] 7.42x FLYING
[ROUND 21] 7.51x FLYING
[ROUND 21] 7.61x FLYING
[ROUND 21] 7.71x FLYING
[ROUND 21] 7.80x FLYING
[ROUND 21] 7.90x FLYING
[ROUND 21] 8.00x FLYING
[ROUND 21] 8.10x FLYING
[ROUND 21] 8.20x FLYING
[ROUND 21] 8.30x FLYING
[ROUND 21] 8.41x FLYING
[ROUND 21] 8.51x FLYING
[ROUND 21] 8.62x FLYING
[ROUND 21] 8.72x FLYING
[ROUND 21] 8.83x FLYING
[ROUND 21] 8.94x FLYING
[ROUND 21] 9.05x FLYING
[ROUND 21] 9.16x FLYING
[ROUND 21] 9.27x FLYING
[ROUND 21] 9.38x FLYING
[ROUND 21] 9.49x FLYING
[ROUND 21] 9.61x FLYING
[ROUND 21] 9.73x FLYING
[ROUND 21] 9.84x FLYING
[ROUND 21] 9.96x FLYING
[ROUND 21] 10.08x FLYING
[ROUND 21] 10.20x FLYING
[ROUND 21] 10.32x FLYING
[ROUND 21] 10.45x FLYING
[ROUND 21] 10.57x FLYING
[ROUND 21] 10.70x FLYING
[ROUND 21] 10.82x FLYING
[ROUND 21] 10.95x FLYING
[ROUND 21] 11.08x FLYING
[ROUND 21] 11.21x FLYING
[ROUND 21] 11.35x FLYING
[ROUND 21] 11.48x FLYING
[ROUND 21] 11.61x FLYING
[ROUND 21] 11.75x FLYING
[ROUND 21] 11.89x FLYING
[ROUND 21] 12.03x FLYING
[ROUND 21] 12.17x FLYING
[ROUND 21] 12.31x FLYING
[ROUND 21] 12.45x FLYING
[ROUND 21] 12.60x FLYING
[ROUND 21] 12.74x FLYING
[ROUND 21] 12.89x FLYING
[ROUND 21] 13.04x FLYING
[ROUND 21] 13.19x FLYING
[ROUND 21] 13.34x FLYING
[ROUND 21] 13.49x FLYING
[ROUND 21] 13.65x FLYING
[ROUND 21] 13.80x FLYING
[ROUND 21] 13.96x FLYING
[ROUND 21] 14.12x FLYING
[ROUND 21] 14.28x FLYING
[ROUND 21] 14.45x FLYING
[ROUND 21] 14.61x FLYING
[ROUND 21] 14.78x FLYING
[ROUND 21] 14.94x FLYING
[ROUND 21] 15.11x FLYING
[ROUND 21] 15.29x FLYING
[ROUND 21] 15.46x FLYING
[ROUND 21] 15.63x FLYING
[ROUND 21] 15.81x FLYING
[ROUND 21] 15.99x FLYING
[ROUND 21] 16.17x FLYING
[ROUND 21] 16.35x FLYING
[ROUND 21] 16.53x FLYING
[ROUND 21] 16.72x FLYING
[ROUND 21] 16.90x FLYING
[ROUND 21] 17.09x FLYING
[ROUND 21] 17.28x FLYING
[ROUND 21] 17.48x FLYING
[ROUND 21] 17.67x FLYING
[ROUND 21] 17.87x FLYING
[ROUND 21] 18.07x FLYING
[ROUND 21] 18.27x FLYING
[ROUND 21] 18.47x FLYING
[ROUND 21] 18.68x FLYING
[ROUND 21] 18.88x FLYING
[ROUND 21] 19.09x FLYING
[ROUND 21] 19.30x FLYING
[ROUND 21] 19.52x FLYING
[ROUND 21] 19.73x FLYING
[ROUND 21] 19.95x FLYING
[ROUND 21] 20.17x FLYING
[ROUND 21] 20.39x FLYING
[ROUND 21] 20.61x FLYING
[ROUND 21] 20.84x FLYING
[ROUND 21] 21.07x FLYING
[ROUND 21] 21.30x FLYING
[ROUND 21] 21.53x FLYING
[ROUND 21] 21.77x FLYING
[ROUND 21] 22.00x FLYING
[ROUND 21] 22.24x FLYING
[ROUND 21] 22.49x FLYING
[ROUND 21] 22.73x FLYING
[ROUND 21] 22.98x FLYING
[ROUND 21] 23.23x FLYING
[ROUND 21] 23.48x FLYING
[ROUND 21] 23.74x FLYING
[ROUND 21] 23.99x FLYING
[ROUND 21] 24.25x FLYING
[ROUND 21] 24.52x FLYING
[ROUND 21] 24.78x FLYING
[ROUND 21] 25.05x FLYING
[ROUND 21] 25.32x FLYING
[ROUND 21] 25.59x FLYING
[ROUND 21] 25.87x FLYING
[ROUND 21] 26.15x FLYING
[ROUND 21] 26.43x FLYING
[ROUND 21] 26.71x FLYING
[1;31m[ROUND 21] 26.81x 💥 CRASHED @ 26.81x[0m

[1;33m[ROUND 22] Crash target: 1.19x[0m
[ROUND 22] 1.00x FLYING
[ROUND 22] 1.03x FLYING
[ROUND 22] 1.06x FLYING
[ROUND 22] 1.09x FLYING
[ROUND 22] 1.12x FLYING
[ROUND 22] 1.15x FLYING
[ROUND 22] 1.18x FLYING
[1;31m[ROUND 22] 1.19x 💥 CRASHED @ 1.19x[0m

[1;33m[ROUND 23] Crash target: 1.23x[0m
[ROUND 23] 1.00x FLYING
[ROUND 23] 1.03x FLYING
[ROUND 23] 1.06x FLYING
[ROUND 23] 1.09x FLYING
[ROUND 23] 1.12x FLYING
[ROUND 23] 1.15x FLYING
[ROUND 23] 1.18x FLYING
[ROUND 23] 1.22x FLYING
[1;31m[ROUND 23] 1.23x 💥 CRASHED @ 1.23x[0m

[1;33m[ROUND 24] Crash target: 2.57x[0m
[ROUND 24] 1.00x FLYING
[ROUND 24] 1.03x FLYING
[ROUND 24] 1.06x FLYING
[ROUND 24] 1.09x FLYING
[ROUND 24] 1.12x FLYING
[ROUND 24] 1.15x FLYING
[ROUND 24] 1.18x FLYING
[ROUND 24] 1.22x FLYING
[ROUND 24] 1.25x FLYING
[ROUND 24] 1.28x FLYING
[ROUND 24] 1.31x FLYING
[ROUND 24] 1.35x FLYING
[ROUND 24] 1.38x FLYING
[ROUND 24] 1.41x FLYING
[ROUND 24] 1.45x FLYING
[ROUND 24] 1.48x FLYING
[ROUND 24] 1.52x FLYING
[ROUND 24] 1.55x FLYING
[ROUND 24] 1.59x FLYING
[ROUND 24] 1.62x FLYING
[ROUND 24] 1.66x FLYING
[ROUND 24] 1.70x FLYING
[ROUND 24] 1.73x FLYING
[ROUND 24] 1.77x FLYING
[ROUND 24] 1.81x FLYING
[ROUND 24] 1.85x FLYING
[ROUND 24] 1.89x FLYING
[ROUND 24] 1.92x FLYING
[ROUND 24] 1.96x FLYING
[ROUND 24] 2.00x FLYING
[ROUND 24] 2.04x FLYING
[ROUND 24] 2.08x FLYING
[ROUND 24] 2.12x FLYING
[ROUND 24] 2.17x FLYING
[ROUND 24] 2.21x FLYING
[ROUND 24] 2.25x FLYING
[ROUND 24] 2.29x FLYING
[ROUND 24] 2.34x FLYING
[ROUND 24] 2.38x FLYING
[ROUND 24] 2.42x FLYING
[ROUND 24] 2.47x FLYING
[ROUND 24] 2.51x FLYING
[ROUND 24] 2.56x FLYING
[1;31m[ROUND 24] 2.57x 💥 CRASHED @ 2.57x[0m

[1;33m[ROUND 25] Crash target: 1.29x[0m
[ROUND 25] 1.00x FLYING
[ROUND 25] 1.03x FLYING
[ROUND 25] 1.06x FLYING
[ROUND 25] 1.09x FLYING
[ROUND 25] 1.12x FLYING
[ROUND 25] 1.15x FLYING
[ROUND 25] 1.18x FLYING
[ROUND 25] 1.22x FLYING
[ROUND 25] 1.25x FLYING
[ROUND 25] 1.28x FLYING
[1;31m[ROUND 25] 1.29x 💥 CRASHED @ 1.29x[0m

[1;33m[ROUND 26] Crash target: 1.14x[0m
[ROUND 26] 1.00x FLYING
[ROUND 26] 1.03x FLYING
[ROUND 26] 1.06x FLYING
[ROUND 26] 1.09x FLYING
[ROUND 26] 1.12x FLYING
[1;31m[ROUND 26] 1.14x 💥 CRASHED @ 1.14x[0m

